Microchip MPLAB XC8 Compiler V2.40

Linker command line:

-W-3 \
  --edf=C:\Program Files\Microchip\xc8\v2.40\pic\dat\20220703182018_en.msgs \
  -cn -h+dist/default/production\Blink.production.sym \
  --cmf=dist/default/production\Blink.production.cmf -z -Q18LF46K22 \
  -oC:\Users\chima\AppData\Local\Temp\xcAs22k.4 \
  -Mdist/default/production/Blink.production.map \
  --md=C:\Users\chima\AppData\Local\Temp\xcAs22k.dat -E1 -ver=XC8 Compiler \
  -ASTACK=05FEh-0F37h -pstack=STACK -ACODE=00h-0FFFFh -ACONST=00h-0FFFFh \
  -ASMALLCONST=01000h-010FFhx240 -AMEDIUMCONST=01000h-0FFFFh \
  -ACOMRAM=01h-05Fh -AABS1=00h-0F37h -ABIGRAM=01h-0F37h \
  -ARAM=060h-0FFh,0100h-01FFhx14,0F00h-0F37h -ABANK0=060h-0FFh \
  -ABANK1=0100h-01FFh -ABANK2=0200h-02FFh -ABANK3=0300h-03FFh \
  -ABANK4=0400h-04FFh -ABANK5=0500h-05FFh -ABANK6=0600h-06FFh \
  -ABANK7=0700h-07FFh -ABANK8=0800h-08FFh -ABANK9=0900h-09FFh \
  -ABANK10=0A00h-0AFFh -ABANK11=0B00h-0BFFh -ABANK12=0C00h-0CFFh \
  -ABANK13=0D00h-0DFFh -ABANK14=0E00h-0EFFh -ABANK15=0F00h-0F37h \
  -ASFR=0F38h-0F5Fh,0F60h-0FFFh -ABIGSFR=0F38h-0FFFh \
  -ACONFIG=0300000h-030000Dh -AIDLOC=0200000h-0200007h \
  -AEEDATA=0F00000h-0F003FFh -peeprom_data=EEDATA \
  -preset_vec=00h,intcode=08h,intcodelo,powerup,init -pramtop=01000h \
  -psmallconst=SMALLCONST -pmediumconst=MEDIUMCONST -pconst=CONST \
  -AFARRAM=00h-00h \
  -prdata=COMRAM,nvrram=COMRAM,nvbit=COMRAM,rbss=COMRAM,rbit=COMRAM \
  -pfarbss=FARRAM,fardata=FARRAM,nvFARRAM=FARRAM \
  -pintsave_regs=BIGRAM,bigbss=BIGRAM,bigdata=BIGRAM -pbss=RAM \
  -pidata=CODE,irdata=CODE,ibigdata=CODE,ifardata=CODE -prparam=COMRAM \
  C:\Users\chima\AppData\Local\Temp\xcAs22k.obj \
  dist/default/production\Blink.production.obj 

Object code version is 3.11

Machine type is 18LF46K22



                Name                               Link     Load   Length Selector   Space Scale
C:\Users\chima\AppData\Local\Temp\xcAs22k.obj
                stack                               5FE      5FE      93A      5FE       2
                idloc                            200000   200000        8        0       5
                config                           300000   300000        E        0       4
                init                                 60       60        8        4       0
                reset_vec                             0        0        4        0       0
dist/default/production\Blink.production.obj
                intcode                               8        8       58        4       0
                idloc                            200000   200000        8        0       5
                config                           300000   300000        E        0       4
                temp                                 3D       3D        C        1       1
                mediumconst                        FFA6     FFA6       5A     7FD3       0
                text15                              1F8      1F8        2        4       0
                text14                              1EC      1EC        4        4       0
                text13                              1F6      1F6        2        4       0
                text12                              1E8      1E8        4        4       0
                text11                              1F4      1F4        2        4       0
                text10                              1DA      1DA        A        4       0
                text9                               1F2      1F2        2        4       0
                text8                               1CE      1CE        C        4       0
                text7                               1F0      1F0        2        4       0
                text6                               1C2      1C2        C        4       0
                text4                               18A      18A       16        4       0
                text3                               158      158       32        4       0
                text2                               1B4      1B4        E        4       0
                text1                               1A0      1A0       14        4       0
                text0                                68       68       7A        4       0
                cstackCOMRAM                         2E       2E        F        1       1
                bssBIGRAM                           3E0      3E0      21E      3E0       1
                bssBANK3                            300      300       E0      300       1
                bssBANK2                            200      200       F5      200       1
                bssBANK1                            100      100       A0      100       1
                bssBANK0                             60       60       36       60       1
                dataCOMRAM                           49       49        4        1       1
                bssCOMRAM                             1        1       2D        1       1
                cinit                                E2       E2       76        4       0
                idataCOMRAM                         1E4      1E4        4        4       0

TOTAL           Name                               Link     Load   Length     Space
        CLASS   STACK          
                stack                               5FE      5FE      93A         2

        CLASS   CODE           
                intcode                               8        8       58         0
                init                                 60       60        8         0
                reset_vec                             0        0        4         0
                text15                              1F8      1F8        2         0
                text14                              1EC      1EC        4         0
                text13                              1F6      1F6        2         0
                text12                              1E8      1E8        4         0
                text11                              1F4      1F4        2         0
                text10                              1DA      1DA        A         0
                text9                               1F2      1F2        2         0
                text8                               1CE      1CE        C         0
                text7                               1F0      1F0        2         0
                text6                               1C2      1C2        C         0
                text4                               18A      18A       16         0
                text3                               158      158       32         0
                text2                               1B4      1B4        E         0
                text1                               1A0      1A0       14         0
                text0                                68       68       7A         0
                cinit                                E2       E2       76         0
                idataCOMRAM                         1E4      1E4        4         0

        CLASS   CONST          

        CLASS   SMALLCONST     

        CLASS   MEDIUMCONST    
                mediumconst                        FFA6     FFA6       5A         0

        CLASS   COMRAM         
                temp                                 3D       3D        C         1
                cstackCOMRAM                         2E       2E        F         1
                dataCOMRAM                           49       49        4         1
                bssCOMRAM                             1        1       2D         1

        CLASS   ABS1           

        CLASS   BIGRAM         
                bssBIGRAM                           3E0      3E0      21E         1

        CLASS   RAM            

        CLASS   BANK0          
                bssBANK0                             60       60       36         1

        CLASS   BANK1          
                bssBANK1                            100      100       A0         1

        CLASS   BANK2          
                bssBANK2                            200      200       F5         1

        CLASS   BANK3          
                bssBANK3                            300      300       E0         1

        CLASS   BANK4          

        CLASS   BANK5          

        CLASS   BANK6          

        CLASS   BANK7          

        CLASS   BANK8          

        CLASS   BANK9          

        CLASS   BANK10         

        CLASS   BANK11         

        CLASS   BANK12         

        CLASS   BANK13         

        CLASS   BANK14         

        CLASS   BANK15         

        CLASS   SFR            

        CLASS   BIGSFR         

        CLASS   CONFIG         
                config                           300000   300000        E         4

        CLASS   IDLOC          
                idloc                            200000   200000        8         5

        CLASS   EEDATA         

        CLASS   FARRAM         

        CLASS   HEAP           



SEGMENTS        Name                           Load    Length   Top    Selector   Space  Class

                reset_vec                      000000  000004  000004         0       0  CODE    
                bssCOMRAM                      000001  00004C  00004D         1       1  COMRAM  
                intcode                        000008  0001F2  0001FA         4       0  CODE    
                bssBANK0                       000060  000036  000096        60       1  BANK0   
                bssBANK1                       000100  0000A0  0001A0       100       1  BANK1   
                bssBANK2                       000200  0000F5  0002F5       200       1  BANK2   
                bssBANK3                       000300  0000E0  0003E0       300       1  BANK3   
                bssBIGRAM                      0003E0  00021E  0005FE       3E0       1  BIGRAM  
                stack                          0005FE  00093A  000F38       5FE       2  STACK   
                mediumconst                    00FFA6  00005A  010000      7FD3       0  MEDIUMCO


UNUSED ADDRESS RANGES

        Name                Unused          Largest block    Delta
        BANK0            000096-0000FF               6A
        BANK1            0001A0-0001FF               60
        BANK10           000A00-000AFF              100
        BANK11           000B00-000BFF              100
        BANK12           000C00-000CFF              100
        BANK13           000D00-000DFF              100
        BANK14           000E00-000EFF              100
        BANK15           000F00-000F37               38
        BANK2            0002F5-0002FF                B
        BANK5            0005FE-0005FF                2
        BANK6            000600-0006FF              100
        BANK7            000700-0007FF              100
        BANK8            000800-0008FF              100
        BANK9            000900-0009FF              100
        BIGRAM           00004D-00005F               13
                         000096-0000FF               6A
                         0001A0-0001FF               60
                         0002F5-0002FF                B
                         0005FE-000F37              93A
        BIGSFR           000F38-000FFF               C8
        CODE             000004-000007                4
                         0001FA-00FFA5             FDAC
        COMRAM           00004D-00005F               13
        CONST            000004-000007                4
                         0001FA-00FFA5             FDAC
        EEDATA           F00000-F003FF              400
        MEDIUMCONST      001000-00FFA5             EFA6
        RAM              000096-0000FF               6A
                         0001A0-0001FF               60
                         0002F5-0002FF                B
                         0005FE-000F37              100
        SFR              000F38-000FFF               28
        SMALLCONST       001000-00FFA5              100

                                  Symbol Table

?_ADC_Read                          cstackCOMRAM 000032
ADC_Read@channel                    cstackCOMRAM 000036
ADC_Read@result                     cstackCOMRAM 000037
ADC_SelChannel@c                    cstackCOMRAM 000031
_ADCON0                             (abs)        000FC2
_ADCON0bits                         (abs)        000FC2
_ADCON1                             (abs)        000FC1
_ADCON2                             (abs)        000FC0
_ADCON2bits                         (abs)        000FC0
_ADC_Read                           text3        000158
_ADC_SelChannel                     text4        00018A
_ADC_init                           text2        0001B4
_ADRESH                             (abs)        000FC4
_ADRESL                             (abs)        000FC3
_ANSELA                             (abs)        000F38
_ANSELB                             (abs)        000F39
_ANSELC                             (abs)        000F3A
_ANSELCbits                         (abs)        000F3A
_ANSELD                             (abs)        000F3B
_ANSELDbits                         (abs)        000F3B
_ANSELE                             (abs)        000F3C
_AckRetransmissionCallback          (abs)        000000
_AutomaticReplyCallback             (abs)        000000
_Channels                           bssBANK3     000300
_DIO0_ISR_Lora                      (abs)        000000
_DIO1_ISR_Lora                      (abs)        000000
_DIO2_ISR_Lora                      (abs)        000000
_DIO5_ISR_Lora                      (abs)        000000
_DutyCycleCallback                  (abs)        000000
_INT0_DefaultInterruptHandler       (abs)        000000
_INT1_CallBack                      text15       0001F8
_INT1_DefaultInterruptHandler       (abs)        000000
_INT1_ISR                           text14       0001EC
_INT1_InterruptHandler              bssCOMRAM    000019
_INT2_CallBack                      text13       0001F6
_INT2_DefaultInterruptHandler       (abs)        000000
_INT2_ISR                           text12       0001E8
_INT2_InterruptHandler              bssCOMRAM    000017
_INTCON2bits                        (abs)        000FF1
_INTCON3bits                        (abs)        000FF0
_INTCONbits                         (abs)        000FF2
_INTERRUPT_InterruptManager         intcode      000008
_IOCB4_DefaultInterruptHandler      (abs)        000000
_IOCB4_ISR                          text11       0001F4
_IOCB4_InterruptHandler             bssCOMRAM    00000B
_IOCBbits                           (abs)        000F62
_IO_pins_init                       text1        0001A0
_LATA                               (abs)        000F89
_LATB                               (abs)        000F8A
_LATC2                              (abs)        007C5A
_LATD3                              (abs)        007C63
_LATE                               (abs)        000F8D
_LORAWAN_LinkCheckCallback          (abs)        000000
_LORAWAN_ReceiveWindow1Callback     (abs)        000000
_LORAWAN_ReceiveWindow2Callback     (abs)        000000
_OSCCON                             (abs)        000FD3
_OSCCON2                            (abs)        000FD2
_OSCTUNE                            (abs)        000F9B
_PIE1bits                           (abs)        000F9D
_PIE2bits                           (abs)        000FA0
_PIN_MANAGER_IOC                    text10       0001DA
_PIR1bits                           (abs)        000F9E
_PIR2bits                           (abs)        000FA1
_PORTBbits                          (abs)        000F81
_PORTCbits                          (abs)        000F82
_PORTDbits                          (abs)        000F83
_RADIO_RxFSKTimeout                 (abs)        000000
_RADIO_WatchdogTimeout              (abs)        000000
_RCONbits                           (abs)        000FD0
_SSP2ADD                            (abs)        000F6E
_SSP2BUF                            (abs)        000F6F
_SSP2CON1                           (abs)        000F6C
_SSP2STAT                           (abs)        000F6D
_T1CON                              (abs)        000FCD
_T1GCON                             (abs)        000FCC
_T3CON                              (abs)        000FB1
_T3GCON                             (abs)        000FB4
_TMR1H                              (abs)        000FCF
_TMR1L                              (abs)        000FCE
_TMR1_CallBack                      text9        0001F2
_TMR1_DefaultInterruptHandler       (abs)        000000
_TMR1_ISR                           text8        0001CE
_TMR1_InterruptHandler              bssCOMRAM    000011
_TMR3H                              (abs)        000FB3
_TMR3L                              (abs)        000FB2
_TMR3_CallBack                      text7        0001F0
_TMR3_DefaultInterruptHandler       (abs)        000000
_TMR3_ISR                           text6        0001C2
_TMR3_InterruptHandler              bssCOMRAM    00000D
_TMR_ISR_lora                       (abs)        000000
_TRISA                              (abs)        000F92
_TRISB                              (abs)        000F93
_TRISC2                             (abs)        007CA2
_TRISCbits                          (abs)        000F94
_TRISD                              (abs)        000F95
_TRISDbits                          (abs)        000F95
_TRISE                              (abs)        000F96
_UnconfirmedTransmissionCallback    (abs)        000000
_UpdateJoinSuccessState             (abs)        000000
_WPUB                               (abs)        000F61
__HRAM                              (abs)        000000
__Habs1                             abs1         000000
__Hbank0                            bank0        000000
__Hbank1                            bank1        000000
__Hbank10                           bank10       000000
__Hbank11                           bank11       000000
__Hbank12                           bank12       000000
__Hbank13                           bank13       000000
__Hbank14                           bank14       000000
__Hbank15                           bank15       000000
__Hbank2                            bank2        000000
__Hbank3                            bank3        000000
__Hbank4                            bank4        000000
__Hbank5                            bank5        000000
__Hbank6                            bank6        000000
__Hbank7                            bank7        000000
__Hbank8                            bank8        000000
__Hbank9                            bank9        000000
__Hbigbss                           bigbss       000000
__Hbigdata                          bigdata      000000
__Hbigram                           bigram       000000
__Hbigsfr                           bigsfr       000000
__Hbss                              bss          000000
__HbssBANK0                         bssBANK0     000000
__HbssBANK1                         bssBANK1     000000
__HbssBANK2                         bssBANK2     000000
__HbssBANK3                         bssBANK3     000000
__HbssBIGRAM                        bssBIGRAM    000000
__HbssCOMRAM                        bssCOMRAM    000000
__Hcinit                            cinit        000000
__Hclrtext                          clrtext      000000
__Hcomram                           comram       000000
__Hconfig                           config       30000E
__Hconst                            const        000000
__HcstackCOMRAM                     cstackCOMRAM 000000
__Hdata                             data         000000
__HdataCOMRAM                       dataCOMRAM   000000
__Heeprom_data                      eeprom_data  000000
__Hfarbss                           farbss       000000
__Hfardata                          fardata      000000
__Hheap                             heap         000000
__Hibigdata                         ibigdata     000000
__Hidata                            idata        000000
__HidataCOMRAM                      idataCOMRAM  000000
__Hidloc                            idloc        200008
__Hifardata                         ifardata     000000
__Hinit                             init         000068
__Hintcode                          intcode      000060
__Hintcode_body                     intcode_body 000000
__Hintcodelo                        intcodelo    000060
__Hintentry                         intentry     000000
__Hintret                           intret       000000
__Hintsave_regs                     intsave_regs 000000
__Hirdata                           irdata       000000
__Hmediumconst                      mediumconst  010000
__HnvFARRAM                         nvFARRAM     000000
__Hnvbit                            nvbit        000000
__Hnvrram                           nvrram       000000
__Hparam                            rparam       000000
__Hpowerup                          powerup      000060
__Hram                              ram          000000
__Hramtop                           ramtop       001000
__Hrbit                             rbit         000000
__Hrbss                             rbss         000000
__Hrdata                            rdata        000000
__Hreset_vec                        reset_vec    000004
__Hrparam                           rparam       000000
__Hsfr                              sfr          000000
__Hsmallconst                       smallconst   000000
__Hspace_0                          (abs)        010000
__Hspace_1                          (abs)        0005FE
__Hspace_2                          (abs)        000F38
__Hspace_4                          (abs)        60000E
__Hstack                            stack        000F38
__Hstruct                           struct       000000
__Htemp                             temp         000049
__Htext                             text         000000
__Htext0                            text0        000000
__Htext1                            text1        000000
__Htext10                           text10       000000
__Htext11                           text11       000000
__Htext12                           text12       000000
__Htext13                           text13       000000
__Htext14                           text14       000000
__Htext15                           text15       000000
__Htext2                            text2        000000
__Htext3                            text3        000000
__Htext4                            text4        000000
__Htext6                            text6        000000
__Htext7                            text7        000000
__Htext8                            text8        000000
__Htext9                            text9        000000
__LRAM                              (abs)        000001
__Labs1                             abs1         000000
__Lbank0                            bank0        000000
__Lbank1                            bank1        000000
__Lbank10                           bank10       000000
__Lbank11                           bank11       000000
__Lbank12                           bank12       000000
__Lbank13                           bank13       000000
__Lbank14                           bank14       000000
__Lbank15                           bank15       000000
__Lbank2                            bank2        000000
__Lbank3                            bank3        000000
__Lbank4                            bank4        000000
__Lbank5                            bank5        000000
__Lbank6                            bank6        000000
__Lbank7                            bank7        000000
__Lbank8                            bank8        000000
__Lbank9                            bank9        000000
__Lbigbss                           bigbss       000000
__Lbigdata                          bigdata      000000
__Lbigram                           bigram       000000
__Lbigsfr                           bigsfr       000000
__Lbss                              bss          000000
__LbssBANK0                         bssBANK0     000000
__LbssBANK1                         bssBANK1     000000
__LbssBANK2                         bssBANK2     000000
__LbssBANK3                         bssBANK3     000000
__LbssBIGRAM                        bssBIGRAM    000000
__LbssCOMRAM                        bssCOMRAM    000000
__Lcinit                            cinit        000000
__Lclrtext                          clrtext      000000
__Lcomram                           comram       000000
__Lconfig                           config       000000
__Lconst                            const        000000
__LcstackCOMRAM                     cstackCOMRAM 000000
__Ldata                             data         000000
__LdataCOMRAM                       dataCOMRAM   000000
__Leeprom_data                      eeprom_data  000000
__Lfarbss                           farbss       000000
__Lfardata                          fardata      000000
__Lheap                             heap         000000
__Libigdata                         ibigdata     000000
__Lidata                            idata        000000
__LidataCOMRAM                      idataCOMRAM  000000
__Lidloc                            idloc        000000
__Lifardata                         ifardata     000000
__Linit                             init         000060
__Lintcode                          intcode      000008
__Lintcode_body                     intcode_body 000000
__Lintcodelo                        intcodelo    000060
__Lintentry                         intentry     000000
__Lintret                           intret       000000
__Lintsave_regs                     intsave_regs 000000
__Lirdata                           irdata       000000
__Lmediumconst                      mediumconst  00FFA6
__LnvFARRAM                         nvFARRAM     000000
__Lnvbit                            nvbit        000000
__Lnvrram                           nvrram       000000
__Lparam                            rparam       000000
__Lpowerup                          powerup      000060
__Lram                              ram          000000
__Lramtop                           ramtop       001000
__Lrbit                             rbit         000000
__Lrbss                             rbss         000000
__Lrdata                            rdata        000000
__Lreset_vec                        reset_vec    000000
__Lrparam                           rparam       000000
__Lsfr                              sfr          000000
__Lsmallconst                       smallconst   000000
__Lspace_0                          (abs)        000000
__Lspace_1                          (abs)        000000
__Lspace_2                          (abs)        000000
__Lspace_4                          (abs)        000000
__Lstack                            stack        0005FE
__Lstruct                           struct       000000
__Ltemp                             temp         00003D
__Ltext                             text         000000
__Ltext0                            text0        000000
__Ltext1                            text1        000000
__Ltext10                           text10       000000
__Ltext11                           text11       000000
__Ltext12                           text12       000000
__Ltext13                           text13       000000
__Ltext14                           text14       000000
__Ltext15                           text15       000000
__Ltext2                            text2        000000
__Ltext3                            text3        000000
__Ltext4                            text4        000000
__Ltext6                            text6        000000
__Ltext7                            text7        000000
__Ltext8                            text8        000000
__Ltext9                            text9        000000
__S0                                (abs)        010000
__S1                                (abs)        0005FE
__S2                                (abs)        000F38
__S4                                (abs)        000000
__S5                                (abs)        000000
___heap_hi                          (abs)        000000
___heap_lo                          (abs)        000000
___inthi_sp                         stack        000A9B
___intlo_sp                         stack        000F38
___param_bank                       (abs)        000000
___rparam_used                      (abs)        000001
___sp                               stack        0005FE
__accesstop                         (abs)        000060
__activetblptr                      (abs)        000003
__end_of_ADC_Read                   text3        00018A
__end_of_ADC_SelChannel             text4        0001A0
__end_of_ADC_init                   text2        0001C2
__end_of_DefaultChannels433         mediumconst  00FFD1
__end_of_DefaultChannels868         mediumconst  00FFFB
__end_of_FskSyncWordBuff            mediumconst  00FFFE
__end_of_INT1_CallBack              text15       0001FA
__end_of_INT1_ISR                   text14       0001F0
__end_of_INT2_CallBack              text13       0001F8
__end_of_INT2_ISR                   text12       0001EC
__end_of_INTERRUPT_InterruptManager intcode      000060
__end_of_IOCB4_ISR                  text11       0001F6
__end_of_IO_pins_init               text1        0001B4
__end_of_PIN_MANAGER_IOC            text10       0001E4
__end_of_TMR1_CallBack              text9        0001F4
__end_of_TMR1_ISR                   text8        0001DA
__end_of_TMR3_CallBack              text7        0001F2
__end_of_TMR3_ISR                   text6        0001CE
__end_of__initialization            cinit        000152
__end_of_main                       text0        0000E2
__initialization                    cinit        0000E2
__mediumconst                       mediumconst  00FFA6
__pbssBANK0                         bssBANK0     000060
__pbssBANK1                         bssBANK1     000100
__pbssBANK2                         bssBANK2     000200
__pbssBANK3                         bssBANK3     000300
__pbssBIGRAM                        bssBIGRAM    0003E0
__pbssCOMRAM                        bssCOMRAM    000001
__pcinit                            cinit        0000E2
__pcstackCOMRAM                     cstackCOMRAM 00002E
__pdataCOMRAM                       dataCOMRAM   000049
__pidataCOMRAM                      idataCOMRAM  0001E4
__pintcode                          intcode      000008
__pmediumconst                      mediumconst  00FFA6
__ptext0                            text0        000068
__ptext1                            text1        0001A0
__ptext10                           text10       0001DA
__ptext11                           text11       0001F4
__ptext12                           text12       0001E8
__ptext13                           text13       0001F6
__ptext14                           text14       0001EC
__ptext15                           text15       0001F8
__ptext2                            text2        0001B4
__ptext3                            text3        000158
__ptext4                            text4        00018A
__ptext6                            text6        0001C2
__ptext7                            text7        0001F0
__ptext8                            text8        0001CE
__ptext9                            text9        0001F2
__ramtop                            ramtop       001000
__smallconst                        smallconst   000000
_allocatedTimers                    bssCOMRAM    00001B
_dioStatus                          bssCOMRAM    00001C
_light                              bssCOMRAM    000009
_loRa                               bssBANK2     000200
_macBuffer                          bssBIGRAM    0003E0
_main                               text0        000068
_radioBuffer                        bssBIGRAM    0004EF
_reloadVal                          bssCOMRAM    000015
_swTimers                           bssBANK1     000100
_ticksAccounted                     bssCOMRAM    000001
_ticksAdded                         bssCOMRAM    000005
_ticksToScheduledInterrupt          dataCOMRAM   000049
_timer1ReloadVal                    bssCOMRAM    000013
_timer3ReloadVal                    bssCOMRAM    00000F
_timerOverflow                      bssCOMRAM    00001D
btemp                               temp         00003D
end_of_initialization               cinit        000152
intlevel0                           text         000000
intlevel1                           text         000000
intlevel2                           text         000000
intlevel3                           text         000000
isa$std                             (abs)        000001
isa$xinst                           (abs)        000000
lltemp0                             temp         00003D
ltemp0                              temp         00003D
ltemp1                              temp         000041
ltemp2                              temp         000045
main@time                           cstackCOMRAM 00003B
stackhi                             (abs)        000F37
stacklo                             (abs)        0005FE
start                               init         000060
start_initialization                cinit        0000E2
ttemp0                              temp         00003D
ttemp1                              temp         000040
ttemp2                              temp         000043
ttemp3                              temp         000046
ttemp5                              temp         00003E
ttemp6                              temp         000041
ttemp7                              temp         000045
wtemp0                              temp         00003D
wtemp1                              temp         00003F
wtemp2                              temp         000041
wtemp3                              temp         000043
wtemp4                              temp         000045
wtemp5                              temp         000047
wtemp8                              temp         00003E


MODULE INFORMATION

Module		Function		Class		Link	Load	Size
mcc_generated_files/interrupt_manager.c
		_INTERRUPT_InterruptManager		CODE           	0008	0000	88

mcc_generated_files/interrupt_manager.c estimated size: 88

mcc_generated_files/pin_manager.c
		_PIN_MANAGER_IOC		CODE           	01DA	0000	10
		_IOCB4_ISR     		CODE           	01F4	0000	2

mcc_generated_files/pin_manager.c estimated size: 12

mcc_generated_files/ext_int.c
		_INT1_CallBack 		CODE           	01F8	0000	2
		_INT2_CallBack 		CODE           	01F6	0000	2
		_INT1_ISR      		CODE           	01EC	0000	4
		_INT2_ISR      		CODE           	01E8	0000	4

mcc_generated_files/ext_int.c estimated size: 12

shared
		_DefaultChannels433		MEDIUMCONST    	0000	0000	0
		_FskSyncWordBuff		MEDIUMCONST    	0000	0000	0
		_DefaultChannels868		MEDIUMCONST    	0000	0000	0
		__initialization		CODE           	00E2	0000	112

shared estimated size: 112

mcc_generated_files/tmr3.c
		_TMR3_ISR      		CODE           	01C2	0000	12
		_TMR3_CallBack 		CODE           	01F0	0000	2

mcc_generated_files/tmr3.c estimated size: 14

mcc_generated_files/tmr1.c
		_TMR1_CallBack 		CODE           	01F2	0000	2
		_TMR1_ISR      		CODE           	01CE	0000	12

mcc_generated_files/tmr1.c estimated size: 14

main.c
		_main          		CODE           	0068	0000	122
		_IO_pins_init  		CODE           	01A0	0000	20
		_ADC_init      		CODE           	01B4	0000	14
		_ADC_Read      		CODE           	0158	0000	50
		_ADC_SelChannel		CODE           	018A	0000	22

main.c estimated size: 228

